Archive member included to satisfy reference by file (symbol)

c:/program files (x86)/gnu tools arm embedded/8 2018-q4-major/bin/../lib/gcc/arm-none-eabi/8.2.1/../../../../arm-none-eabi/lib/thumb/v7e-m+fp/hard\libc.a(lib_a-memset.o)
                              ../gcc/redboard_artemis_atp/bin/flash.o (memset)
c:/program files (x86)/gnu tools arm embedded/8 2018-q4-major/bin/../lib/gcc/arm-none-eabi/8.2.1/thumb/v7e-m+fp/hard\libgcc.a(_arm_truncdfsf2.o)
                              ../gcc/redboard_artemis_atp/bin/am_util_stdio.o (__aeabi_d2f)
c:/program files (x86)/gnu tools arm embedded/8 2018-q4-major/bin/../lib/gcc/arm-none-eabi/8.2.1/thumb/v7e-m+fp/hard\libgcc.a(_aeabi_uldivmod.o)
                              ../gcc/redboard_artemis_atp/bin/ff.o (__aeabi_uldivmod)
c:/program files (x86)/gnu tools arm embedded/8 2018-q4-major/bin/../lib/gcc/arm-none-eabi/8.2.1/thumb/v7e-m+fp/hard\libgcc.a(_udivmoddi4.o)
                              c:/program files (x86)/gnu tools arm embedded/8 2018-q4-major/bin/../lib/gcc/arm-none-eabi/8.2.1/thumb/v7e-m+fp/hard\libgcc.a(_aeabi_uldivmod.o) (__udivmoddi4)
c:/program files (x86)/gnu tools arm embedded/8 2018-q4-major/bin/../lib/gcc/arm-none-eabi/8.2.1/thumb/v7e-m+fp/hard\libgcc.a(_dvmd_tls.o)
                              c:/program files (x86)/gnu tools arm embedded/8 2018-q4-major/bin/../lib/gcc/arm-none-eabi/8.2.1/thumb/v7e-m+fp/hard\libgcc.a(_aeabi_uldivmod.o) (__aeabi_ldiv0)
../../../../redboard_artemis_atp/bsp/gcc/bin/libam_bsp.a(am_bsp.o)
                              ../gcc/redboard_artemis_atp/bin/SD_SPI.o (am_bsp_iom_pins_enable)
../../../../redboard_artemis_atp/bsp/gcc/bin/libam_bsp.a(am_bsp_pins.o)
                              ../../../../redboard_artemis_atp/bsp/gcc/bin/libam_bsp.a(am_bsp.o) (g_AM_BSP_GPIO_ITM_SWO)
../../../../../../mcu/apollo3/hal/gcc/bin/libam_hal.a(am_hal_clkgen.o)
                              ../../../../redboard_artemis_atp/bsp/gcc/bin/libam_bsp.a(am_bsp.o) (am_hal_clkgen_control)
../../../../../../mcu/apollo3/hal/gcc/bin/libam_hal.a(am_hal_flash.o)
                              ../gcc/redboard_artemis_atp/bin/flash.o (am_hal_flash_mass_erase)
../../../../../../mcu/apollo3/hal/gcc/bin/libam_hal.a(am_hal_gpio.o)
                              ../gcc/redboard_artemis_atp/bin/am_devices_led.o (am_hal_gpio_pinconfig)
../../../../../../mcu/apollo3/hal/gcc/bin/libam_hal.a(am_hal_interrupt.o)
                              ../../../../../../mcu/apollo3/hal/gcc/bin/libam_hal.a(am_hal_gpio.o) (am_hal_interrupt_master_disable)
../../../../../../mcu/apollo3/hal/gcc/bin/libam_hal.a(am_hal_iom.o)
                              ../gcc/redboard_artemis_atp/bin/SD_SPI.o (am_hal_iom_uninitialize)
../../../../../../mcu/apollo3/hal/gcc/bin/libam_hal.a(am_hal_itm.o)
                              ../../../../redboard_artemis_atp/bsp/gcc/bin/libam_bsp.a(am_bsp.o) (am_hal_itm_enable)
../../../../../../mcu/apollo3/hal/gcc/bin/libam_hal.a(am_hal_mcuctrl.o)
                              ../gcc/redboard_artemis_atp/bin/am_util_faultisr.o (am_hal_mcuctrl_info_get)
../../../../../../mcu/apollo3/hal/gcc/bin/libam_hal.a(am_hal_pwrctrl.o)
                              ../../../../../../mcu/apollo3/hal/gcc/bin/libam_hal.a(am_hal_iom.o) (am_hal_pwrctrl_periph_enable)
../../../../../../mcu/apollo3/hal/gcc/bin/libam_hal.a(am_hal_reset.o)
                              ../../../../../../mcu/apollo3/hal/gcc/bin/libam_hal.a(am_hal_clkgen.o) (gAmHalResetStatus)
../../../../../../mcu/apollo3/hal/gcc/bin/libam_hal.a(am_hal_rtc.o)
                              ../../../../redboard_artemis_atp/bsp/gcc/bin/libam_bsp.a(am_bsp.o) (am_hal_rtc_osc_disable)
../../../../../../mcu/apollo3/hal/gcc/bin/libam_hal.a(am_hal_tpiu.o)
                              ../../../../redboard_artemis_atp/bsp/gcc/bin/libam_bsp.a(am_bsp.o) (am_hal_tpiu_enable)
../../../../../../mcu/apollo3/hal/gcc/bin/libam_hal.a(am_hal_uart.o)
                              ../../../../redboard_artemis_atp/bsp/gcc/bin/libam_bsp.a(am_bsp.o) (am_hal_uart_initialize)
../../../../../../mcu/apollo3/hal/gcc/bin/libam_hal.a(am_hal_cachectrl.o)
                              ../../../../../../mcu/apollo3/hal/gcc/bin/libam_hal.a(am_hal_pwrctrl.o) (am_hal_cachectrl_control)
../../../../../../mcu/apollo3/hal/gcc/bin/libam_hal.a(am_hal_cmdq.o)
                              ../../../../../../mcu/apollo3/hal/gcc/bin/libam_hal.a(am_hal_iom.o) (am_hal_cmdq_init)
../../../../../../mcu/apollo3/hal/gcc/bin/libam_hal.a(am_hal_queue.o)
                              ../../../../../../mcu/apollo3/hal/gcc/bin/libam_hal.a(am_hal_uart.o) (am_hal_queue_init)

Allocating common symbols
Common symbol       size              file

dummy_tx            0x200             ../gcc/redboard_artemis_atp/bin/SD_SPI.o
pui32Src            0x4               ../gcc/redboard_artemis_atp/bin/flash.o
am_bsp_uart_pwrsave
                    0x18              ../../../../redboard_artemis_atp/bsp/gcc/bin/libam_bsp.a(am_bsp.o)
[...]
Memory Configuration

Name             Origin             Length             Attributes
flash            0x00010000         0x000f0000         xr
sram             0x10000000         0x00060000         xrw
*default*        0x00000000         0xffffffff

Linker script and memory map


.text           0x00010000    0x19054
                0x00010000                . = ALIGN (0x4)
                0x00010000                _stext = .
 *(.isr_vector)
 .isr_vector    0x00010000       0xc0 ../gcc/redboard_artemis_atp/bin/startup_gcc.o
                0x00010000                g_am_pfnVectors
 *(.ble_patch)
 .ble_patch     0x000100c0       0x40 ../gcc/redboard_artemis_atp/bin/startup_gcc.o
                0x000100c0                __Patchable
 *(.text)
 .text          0x00010100       0xa0 c:/program files (x86)/gnu tools arm embedded/8 2018-q4-major/bin/../lib/gcc/arm-none-eabi/8.2.1/thumb/v7e-m+fp/hard\libgcc.a(_arm_truncdfsf2.o)
                0x00010100                __truncdfsf2
                0x00010100                __aeabi_d2f
 .text          0x000101a0       0x30 c:/program files (x86)/gnu tools arm embedded/8 2018-q4-major/bin/../lib/gcc/arm-none-eabi/8.2.1/thumb/v7e-m+fp/hard\libgcc.a(_aeabi_uldivmod.o)
                0x000101a0                __aeabi_uldivmod
 .text          0x000101d0      0x2d0 c:/program files (x86)/gnu tools arm embedded/8 2018-q4-major/bin/../lib/gcc/arm-none-eabi/8.2.1/thumb/v7e-m+fp/hard\libgcc.a(_udivmoddi4.o)
                0x000101d0                __udivmoddi4
 .text          0x000104a0        0x4 c:/program files (x86)/gnu tools arm embedded/8 2018-q4-major/bin/../lib/gcc/arm-none-eabi/8.2.1/thumb/v7e-m+fp/hard\libgcc.a(_dvmd_tls.o)
                0x000104a0                __aeabi_idiv0
                0x000104a0                __aeabi_ldiv0
 *(.text*)
 .text.init_system
                0x000104a4       0x20 ../gcc/redboard_artemis_atp/bin/main.o
                0x000104a4                init_system
 .text.test_card
                0x000104c4      0x1f8 ../gcc/redboard_artemis_atp/bin/main.o
                0x000104c4                test_card
 .text.read     0x000106bc       0x98 ../gcc/redboard_artemis_atp/bin/main.o
                0x000106bc                read
 .text.main     0x00010754       0x1e ../gcc/redboard_artemis_atp/bin/main.o
                0x00010754                main
 *fill*         0x00010772        0x2 
 .text.Reset_Handler
                0x00010774       0x84 ../gcc/redboard_artemis_atp/bin/startup_gcc.o
                0x00010774                Reset_Handler
 .text.NMI_Handler
                0x000107f8        0x6 ../gcc/redboard_artemis_atp/bin/startup_gcc.o
                0x000107f8                NMI_Handler
 .text.HardFault_Handler
                0x000107fe        0x6 ../gcc/redboard_artemis_atp/bin/startup_gcc.o
                0x000107fe                MemManage_Handler
                0x000107fe                BusFault_Handler
                0x000107fe                UsageFault_Handler
 .text.am_default_isr
                0x00010804        0x6 ../gcc/redboard_artemis_atp/bin/startup_gcc.o
                0x00010804                DebugMon_Handler
                0x00010804                am_iomaster4_isr
                0x00010804                SysTick_Handler
                0x00010804                PendSV_Handler
                0x00010804                am_rtc_isr
                0x00010804                am_stimer_cmpr3_isr
                0x00010804                am_adc_isr
                0x00010804                am_iomaster3_isr
                0x00010804                am_clkgen_isr
                0x00010804                am_stimer_isr
                0x00010804                am_software0_isr
                0x00010804                am_stimer_cmpr5_isr
                0x00010804                am_iomaster5_isr
                0x00010804                am_pdm0_isr
                0x00010804                am_uart_isr
                0x00010804                am_ctimer_isr
                0x00010804                am_ioslave_acc_isr
                0x00010804                am_mspi0_isr
                0x00010804                am_stimer_cmpr6_isr
                0x00010804                am_iomaster1_isr
                0x00010804                am_brownout_isr
                0x00010804                am_vcomp_isr
                0x00010804                am_stimer_cmpr1_isr
                0x00010804                am_gpio_isr
                0x00010804                am_iomaster2_isr
                0x00010804                SVC_Handler
                0x00010804                am_stimer_cmpr2_isr
                0x00010804                am_ioslave_ios_isr
                0x00010804                am_uart1_isr
                0x00010804                am_stimer_cmpr7_isr
                0x00010804                am_scard_isr
                0x00010804                am_watchdog_isr
                0x00010804                am_stimer_cmpr0_isr
                0x00010804                am_iomaster0_isr
                0x00010804                am_ble_isr
                0x00010804                am_stimer_cmpr4_isr
                0x00010804                am_default_isr
 *fill*         0x0001080a        0x2 
 .text.am_util_delay_us
                0x0001080c       0x3c ../gcc/redboard_artemis_atp/bin/am_util_delay.o
                0x0001080c                am_util_delay_us
 .text.HardFault_Handler
                0x00010848       0x1e ../gcc/redboard_artemis_atp/bin/am_util_faultisr.o
                0x00010848                HardFault_Handler
 .text.getStackedReg
                0x00010866        0xc ../gcc/redboard_artemis_atp/bin/am_util_faultisr.o
                0x00010866                getStackedReg
 *fill*         0x00010872        0x2 
 .text.am_util_faultisr_collect_data
                0x00010874       0xe4 ../gcc/redboard_artemis_atp/bin/am_util_faultisr.o
                0x00010874                am_util_faultisr_collect_data
 .text.am_util_stdio_printf_init
                0x00010958       0x20 ../gcc/redboard_artemis_atp/bin/am_util_stdio.o
                0x00010958                am_util_stdio_printf_init
 .text.divu64_10
                0x00010978      0x1fa ../gcc/redboard_artemis_atp/bin/am_util_stdio.o
 .text.ndigits_in_u64
                0x00010b72       0x42 ../gcc/redboard_artemis_atp/bin/am_util_stdio.o
 .text.ndigits_in_i64
                0x00010bb4       0x3a ../gcc/redboard_artemis_atp/bin/am_util_stdio.o
 .text.ndigits_in_hex
                0x00010bee       0x50 ../gcc/redboard_artemis_atp/bin/am_util_stdio.o
 .text.decstr_to_int
                0x00010c3e       0x8c ../gcc/redboard_artemis_atp/bin/am_util_stdio.o
 .text.uint64_to_str
                0x00010cca       0x90 ../gcc/redboard_artemis_atp/bin/am_util_stdio.o
 .text.uint64_to_hexstr
                0x00010d5a       0xc8 ../gcc/redboard_artemis_atp/bin/am_util_stdio.o
 .text.simple_strlen
                0x00010e22       0x36 ../gcc/redboard_artemis_atp/bin/am_util_stdio.o
 .text.padbuffer
                0x00010e58       0x4a ../gcc/redboard_artemis_atp/bin/am_util_stdio.o
 *fill*         0x00010ea2        0x2 
 .text.ftoa     0x00010ea4      0x1fc ../gcc/redboard_artemis_atp/bin/am_util_stdio.o
 .text.am_util_stdio_vsprintf
                0x000110a0      0x618 ../gcc/redboard_artemis_atp/bin/am_util_stdio.o
                0x000110a0                am_util_stdio_vsprintf
 .text.am_util_stdio_printf
                0x000116b8       0x48 ../gcc/redboard_artemis_atp/bin/am_util_stdio.o
                0x000116b8                am_util_stdio_printf
 .text.am_util_stdio_terminal_clear
                0x00011700       0x14 ../gcc/redboard_artemis_atp/bin/am_util_stdio.o
                0x00011700                am_util_stdio_terminal_clear
 .text._initialize_config
                0x00011714       0xac ../gcc/redboard_artemis_atp/bin/SD_SPI.o
                0x00011714                _initialize_config
 .text._initialize_pins
                0x000117c0      0x114 ../gcc/redboard_artemis_atp/bin/SD_SPI.o
                0x000117c0                _initialize_pins
 .text.spi_initialize
                0x000118d4       0x88 ../gcc/redboard_artemis_atp/bin/SD_SPI.o
                0x000118d4                spi_initialize
 .text._transfer_tx
                0x0001195c       0x48 ../gcc/redboard_artemis_atp/bin/SD_SPI.o
                0x0001195c                _transfer_tx
 .text._transfer_rx
                0x000119a4       0x48 ../gcc/redboard_artemis_atp/bin/SD_SPI.o
                0x000119a4                _transfer_rx
 .text._transfer_fd
                0x000119ec       0x44 ../gcc/redboard_artemis_atp/bin/SD_SPI.o
                0x000119ec                _transfer_fd
 .text.spi_setspeed
                0x00011a30       0x28 ../gcc/redboard_artemis_atp/bin/SD_SPI.o
                0x00011a30                spi_setspeed
 .text.spi_cs_set
                0x00011a58       0x18 ../gcc/redboard_artemis_atp/bin/SD_SPI.o
                0x00011a58                spi_cs_set
 .text.spi_cs_clear
                0x00011a70       0x18 ../gcc/redboard_artemis_atp/bin/SD_SPI.o
                0x00011a70                spi_cs_clear
 .text.SD_DelayUs
                0x00011a88       0x16 ../gcc/redboard_artemis_atp/bin/SD.o
                0x00011a88                SD_DelayUs
 .text.SD_Send_Byte
                0x00011a9e       0x1e ../gcc/redboard_artemis_atp/bin/SD.o
                0x00011a9e                SD_Send_Byte
 .text.SD_Get_Byte
                0x00011abc       0x28 ../gcc/redboard_artemis_atp/bin/SD.o
                0x00011abc                SD_Get_Byte
 .text.SD_WriteCmd
                0x00011ae4       0x8e ../gcc/redboard_artemis_atp/bin/SD.o
                0x00011ae4                SD_WriteCmd
 *fill*         0x00011b72        0x2 
 .text.SD_CSD_CID
                0x00011b74       0x70 ../gcc/redboard_artemis_atp/bin/SD.o
                0x00011b74                SD_CSD_CID
 .text.SD_WaitReady
                0x00011be4       0x38 ../gcc/redboard_artemis_atp/bin/SD.o
                0x00011be4                SD_WaitReady
 .text.SD_WaitBusy
                0x00011c1c       0x44 ../gcc/redboard_artemis_atp/bin/SD.o
                0x00011c1c                SD_WaitBusy
 .text.SD_CS    0x00011c60       0x22 ../gcc/redboard_artemis_atp/bin/SD.o
                0x00011c60                SD_CS
 *fill*         0x00011c82        0x2 
 .text.SD_SSP0LowSpeed
                0x00011c84       0x14 ../gcc/redboard_artemis_atp/bin/SD.o
                0x00011c84                SD_SSP0LowSpeed
 .text.SD_SSP0HighSpeed
                0x00011c98       0x14 ../gcc/redboard_artemis_atp/bin/SD.o
                0x00011c98                SD_SSP0HighSpeed
 .text.SD_init  0x00011cac      0x1dc ../gcc/redboard_artemis_atp/bin/SD.o
                0x00011cac                SD_init
 .text.SD_ReadSingleBlock
                0x00011e88       0xb4 ../gcc/redboard_artemis_atp/bin/SD.o
                0x00011e88                SD_ReadSingleBlock
 .text.SD_ReadMultipleBlock
                0x00011f3c       0xd4 ../gcc/redboard_artemis_atp/bin/SD.o
                0x00011f3c                SD_ReadMultipleBlock
 .text.SD_WriteSingleBlock
                0x00012010       0xbc ../gcc/redboard_artemis_atp/bin/SD.o
                0x00012010                SD_WriteSingleBlock
 .text.SD_WriteMultipleBlock
                0x000120cc       0xf4 ../gcc/redboard_artemis_atp/bin/SD.o
                0x000120cc                SD_WriteMultipleBlock
 .text.disk_status
                0x000121c0       0x22 ../gcc/redboard_artemis_atp/bin/diskio.o
                0x000121c0                disk_status
 .text.disk_initialize
                0x000121e2       0x3c ../gcc/redboard_artemis_atp/bin/diskio.o
                0x000121e2                disk_initialize
 *fill*         0x0001221e        0x2 
 .text.disk_read
                0x00012220       0x6c ../gcc/redboard_artemis_atp/bin/diskio.o
                0x00012220                disk_read
 .text.disk_write
                0x0001228c       0x80 ../gcc/redboard_artemis_atp/bin/diskio.o
                0x0001228c                disk_write
 .text.disk_ioctl
                0x0001230c      0x17c ../gcc/redboard_artemis_atp/bin/diskio.o
                0x0001230c                disk_ioctl
 .text.get_fattime
                0x00012488       0x10 ../gcc/redboard_artemis_atp/bin/diskio.o
                0x00012488                get_fattime
 .text.ld_word  0x00012498       0x30 ../gcc/redboard_artemis_atp/bin/ff.o
 .text.ld_dword
                0x000124c8       0x46 ../gcc/redboard_artemis_atp/bin/ff.o
 .text.ld_qword
                0x0001250e      0x17e ../gcc/redboard_artemis_atp/bin/ff.o
 .text.st_word  0x0001268c       0x36 ../gcc/redboard_artemis_atp/bin/ff.o
 .text.st_dword
                0x000126c2       0x58 ../gcc/redboard_artemis_atp/bin/ff.o
 .text.st_qword
                0x0001271a      0x10e ../gcc/redboard_artemis_atp/bin/ff.o
 .text.mem_cpy  0x00012828       0x42 ../gcc/redboard_artemis_atp/bin/ff.o
 .text.mem_set  0x0001286a       0x34 ../gcc/redboard_artemis_atp/bin/ff.o
 .text.mem_cmp  0x0001289e       0x4e ../gcc/redboard_artemis_atp/bin/ff.o
 .text.chk_chr  0x000128ec       0x36 ../gcc/redboard_artemis_atp/bin/ff.o
 .text.dbc_1st  0x00012922       0x40 ../gcc/redboard_artemis_atp/bin/ff.o
 .text.dbc_2nd  0x00012962       0x54 ../gcc/redboard_artemis_atp/bin/ff.o
 .text.tchar2uni
                0x000129b6       0x8a ../gcc/redboard_artemis_atp/bin/ff.o
 .text.sync_window
                0x00012a40       0x78 ../gcc/redboard_artemis_atp/bin/ff.o
 .text.move_window
                0x00012ab8       0x5a ../gcc/redboard_artemis_atp/bin/ff.o
 *fill*         0x00012b12        0x2 
 .text.sync_fs  0x00012b14       0xdc ../gcc/redboard_artemis_atp/bin/ff.o
 .text.clst2sect
                0x00012bf0       0x3e ../gcc/redboard_artemis_atp/bin/ff.o
 *fill*         0x00012c2e        0x2 
 .text.get_fat  0x00012c30      0x248 ../gcc/redboard_artemis_atp/bin/ff.o
 .text.put_fat  0x00012e78      0x1ec ../gcc/redboard_artemis_atp/bin/ff.o
 .text.find_bitmap
                0x00013064       0xf8 ../gcc/redboard_artemis_atp/bin/ff.o
 .text.change_bitmap
                0x0001315c       0xd4 ../gcc/redboard_artemis_atp/bin/ff.o
 .text.fill_first_frag
                0x00013230       0x5e ../gcc/redboard_artemis_atp/bin/ff.o
 .text.fill_last_frag
                0x0001328e       0x62 ../gcc/redboard_artemis_atp/bin/ff.o
 .text.remove_chain
                0x000132f0      0x1c4 ../gcc/redboard_artemis_atp/bin/ff.o
 .text.create_chain
                0x000134b4      0x276 ../gcc/redboard_artemis_atp/bin/ff.o
 .text.clmt_clust
                0x0001372a       0x84 ../gcc/redboard_artemis_atp/bin/ff.o
 .text.dir_clear
                0x000137ae       0x90 ../gcc/redboard_artemis_atp/bin/ff.o
 .text.dir_sdi  0x0001383e      0x10c ../gcc/redboard_artemis_atp/bin/ff.o
 .text.dir_next
                0x0001394a      0x14a ../gcc/redboard_artemis_atp/bin/ff.o
 .text.dir_alloc
                0x00013a94       0xb8 ../gcc/redboard_artemis_atp/bin/ff.o
 .text.ld_clust
                0x00013b4c       0x3e ../gcc/redboard_artemis_atp/bin/ff.o
 .text.st_clust
                0x00013b8a       0x40 ../gcc/redboard_artemis_atp/bin/ff.o
 *fill*         0x00013bca        0x2 
 .text.cmp_lfn  0x00013bcc       0xdc ../gcc/redboard_artemis_atp/bin/ff.o
 .text.pick_lfn
                0x00013ca8       0xcc ../gcc/redboard_artemis_atp/bin/ff.o
 .text.put_lfn  0x00013d74       0xd0 ../gcc/redboard_artemis_atp/bin/ff.o
 .text.gen_numname
                0x00013e44      0x146 ../gcc/redboard_artemis_atp/bin/ff.o
 .text.sum_sfn  0x00013f8a       0x42 ../gcc/redboard_artemis_atp/bin/ff.o
 .text.xdir_sum
                0x00013fcc       0x66 ../gcc/redboard_artemis_atp/bin/ff.o
 .text.xname_sum
                0x00014032       0x68 ../gcc/redboard_artemis_atp/bin/ff.o
 .text.xsum32   0x0001409a       0x26 ../gcc/redboard_artemis_atp/bin/ff.o
 .text.load_xdir
                0x000140c0      0x190 ../gcc/redboard_artemis_atp/bin/ff.o
 .text.init_alloc_info
                0x00014250       0x52 ../gcc/redboard_artemis_atp/bin/ff.o
 .text.load_obj_xdir
                0x000142a2       0x7c ../gcc/redboard_artemis_atp/bin/ff.o
 .text.store_xdir
                0x0001431e       0xb6 ../gcc/redboard_artemis_atp/bin/ff.o
 .text.create_xdir
                0x000143d4       0xd2 ../gcc/redboard_artemis_atp/bin/ff.o
 .text.dir_read
                0x000144a6      0x18e ../gcc/redboard_artemis_atp/bin/ff.o
 .text.dir_find
                0x00014634      0x250 ../gcc/redboard_artemis_atp/bin/ff.o
 .text.dir_register
                0x00014884      0x35c ../gcc/redboard_artemis_atp/bin/ff.o
 .text.create_name
                0x00014be0      0x39c ../gcc/redboard_artemis_atp/bin/ff.o
 .text.follow_path
                0x00014f7c      0x11c ../gcc/redboard_artemis_atp/bin/ff.o
 .text.get_ldnumber
                0x00015098       0x8a ../gcc/redboard_artemis_atp/bin/ff.o
 *fill*         0x00015122        0x2 
 .text.check_fs
                0x00015124       0xc8 ../gcc/redboard_artemis_atp/bin/ff.o
 .text.find_volume
                0x000151ec       0xc4 ../gcc/redboard_artemis_atp/bin/ff.o
 .text.mount_volume
                0x000152b0      0x688 ../gcc/redboard_artemis_atp/bin/ff.o
 .text.validate
                0x00015938       0x6a ../gcc/redboard_artemis_atp/bin/ff.o
 *fill*         0x000159a2        0x2 
 .text.f_mount  0x000159a4       0x80 ../gcc/redboard_artemis_atp/bin/ff.o
                0x000159a4                f_mount
 .text.f_open   0x00015a24      0x456 ../gcc/redboard_artemis_atp/bin/ff.o
                0x00015a24                f_open
 .text.f_read   0x00015e7a      0x2ec ../gcc/redboard_artemis_atp/bin/ff.o
                0x00015e7a                f_read
 .text.f_write  0x00016166      0x370 ../gcc/redboard_artemis_atp/bin/ff.o
                0x00016166                f_write
 .text.f_sync   0x000164d6      0x244 ../gcc/redboard_artemis_atp/bin/ff.o
                0x000164d6                f_sync
 .text.f_close  0x0001671a       0x40 ../gcc/redboard_artemis_atp/bin/ff.o
                0x0001671a                f_close
 *fill*         0x0001675a        0x2 
 .text.create_partition
                0x0001675c      0x248 ../gcc/redboard_artemis_atp/bin/ff.o
 .text.f_mkfs   0x000169a4     0x1260 ../gcc/redboard_artemis_atp/bin/ff.o
                0x000169a4                f_mkfs
 .text.ff_uni2oem
                0x00017c04       0xb8 ../gcc/redboard_artemis_atp/bin/ffunicode.o
                0x00017c04                ff_uni2oem
 .text.ff_oem2uni
                0x00017cbc       0xb0 ../gcc/redboard_artemis_atp/bin/ffunicode.o
                0x00017cbc                ff_oem2uni
 .text.ff_wtoupper
                0x00017d6c      0x124 ../gcc/redboard_artemis_atp/bin/ffunicode.o
                0x00017d6c                ff_wtoupper
 .text.am_bsp_uart_string_print
                0x00017e90       0x48 ../../../../redboard_artemis_atp/bsp/gcc/bin/libam_bsp.a(am_bsp.o)
                0x00017e90                am_bsp_uart_string_print
 .text.am_bsp_iom_pins_enable
                0x00017ed8      0x26c ../../../../redboard_artemis_atp/bsp/gcc/bin/libam_bsp.a(am_bsp.o)
                0x00017ed8                am_bsp_iom_pins_enable
 .text.am_bsp_uart_printf_enable
                0x00018144       0x5c ../../../../redboard_artemis_atp/bsp/gcc/bin/libam_bsp.a(am_bsp.o)
                0x00018144                am_bsp_uart_printf_enable
 .text.am_hal_clkgen_status_get
                0x000181a0       0x3c ../../../../../../mcu/apollo3/hal/gcc/bin/libam_hal.a(am_hal_clkgen.o)
                0x000181a0                am_hal_clkgen_status_get
 .text.am_hal_flash_delay
                0x000181dc       0x20 ../../../../../../mcu/apollo3/hal/gcc/bin/libam_hal.a(am_hal_flash.o)
                0x000181dc                am_hal_flash_delay
 .text.am_hal_flash_delay_status_check
                0x000181fc       0x74 ../../../../../../mcu/apollo3/hal/gcc/bin/libam_hal.a(am_hal_flash.o)
                0x000181fc                am_hal_flash_delay_status_check
 .text.am_hal_gpio_pinconfig
                0x00018270      0x280 ../../../../../../mcu/apollo3/hal/gcc/bin/libam_hal.a(am_hal_gpio.o)
                0x00018270                am_hal_gpio_pinconfig
 .text.am_hal_gpio_state_write
                0x000184f0       0x88 ../../../../../../mcu/apollo3/hal/gcc/bin/libam_hal.a(am_hal_gpio.o)
                0x000184f0                am_hal_gpio_state_write
 .text.am_hal_interrupt_master_disable
                0x00018578        0x8 ../../../../../../mcu/apollo3/hal/gcc/bin/libam_hal.a(am_hal_interrupt.o)
                0x00018578                am_hal_interrupt_master_disable
 .text.am_hal_interrupt_master_set
                0x00018580        0x8 ../../../../../../mcu/apollo3/hal/gcc/bin/libam_hal.a(am_hal_interrupt.o)
                0x00018580                am_hal_interrupt_master_set
 .text.internal_iom_reset_on_error
                0x00018588       0xfc ../../../../../../mcu/apollo3/hal/gcc/bin/libam_hal.a(am_hal_iom.o)
 .text.am_hal_iom_uninitialize
                0x00018684       0x74 ../../../../../../mcu/apollo3/hal/gcc/bin/libam_hal.a(am_hal_iom.o)
                0x00018684                am_hal_iom_uninitialize
 .text.am_hal_iom_initialize
                0x000186f8       0x4c ../../../../../../mcu/apollo3/hal/gcc/bin/libam_hal.a(am_hal_iom.o)
                0x000186f8                am_hal_iom_initialize
 .text.am_hal_iom_enable
                0x00018744       0xe4 ../../../../../../mcu/apollo3/hal/gcc/bin/libam_hal.a(am_hal_iom.o)
                0x00018744                am_hal_iom_enable
 .text.am_hal_iom_disable
                0x00018828       0x6c ../../../../../../mcu/apollo3/hal/gcc/bin/libam_hal.a(am_hal_iom.o)
                0x00018828                am_hal_iom_disable
 .text.am_hal_iom_power_ctrl
                0x00018894      0x1b0 ../../../../../../mcu/apollo3/hal/gcc/bin/libam_hal.a(am_hal_iom.o)
                0x00018894                am_hal_iom_power_ctrl
 .text.am_hal_iom_configure
                0x00018a44      0x358 ../../../../../../mcu/apollo3/hal/gcc/bin/libam_hal.a(am_hal_iom.o)
                0x00018a44                am_hal_iom_configure
 .text.am_hal_iom_spi_blocking_fullduplex
                0x00018d9c      0x36c ../../../../../../mcu/apollo3/hal/gcc/bin/libam_hal.a(am_hal_iom.o)
                0x00018d9c                am_hal_iom_spi_blocking_fullduplex
 .text.am_hal_mcuctrl_info_get
                0x00019108      0x134 ../../../../../../mcu/apollo3/hal/gcc/bin/libam_hal.a(am_hal_mcuctrl.o)
                0x00019108                am_hal_mcuctrl_info_get
 .text.am_hal_pwrctrl_periph_enable
                0x0001923c       0x54 ../../../../../../mcu/apollo3/hal/gcc/bin/libam_hal.a(am_hal_pwrctrl.o)
                0x0001923c                am_hal_pwrctrl_periph_enable
 .text.am_hal_pwrctrl_periph_disable
                0x00019290       0x58 ../../../../../../mcu/apollo3/hal/gcc/bin/libam_hal.a(am_hal_pwrctrl.o)
                0x00019290                am_hal_pwrctrl_periph_disable
 .text.am_hal_uart_initialize
                0x000192e8       0x50 ../../../../../../mcu/apollo3/hal/gcc/bin/libam_hal.a(am_hal_uart.o)
                0x000192e8                am_hal_uart_initialize
 .text.am_hal_uart_power_control
                0x00019338       0xf0 ../../../../../../mcu/apollo3/hal/gcc/bin/libam_hal.a(am_hal_uart.o)
                0x00019338                am_hal_uart_power_control
 .text.am_hal_uart_configure
                0x00019428      0x1fc ../../../../../../mcu/apollo3/hal/gcc/bin/libam_hal.a(am_hal_uart.o)
                0x00019428                am_hal_uart_configure
 .text.am_hal_uart_transfer
                0x00019624      0x414 ../../../../../../mcu/apollo3/hal/gcc/bin/libam_hal.a(am_hal_uart.o)
                0x00019624                am_hal_uart_transfer
 .text.am_hal_cmdq_init
                0x00019a38       0xbc ../../../../../../mcu/apollo3/hal/gcc/bin/libam_hal.a(am_hal_cmdq.o)
                0x00019a38                am_hal_cmdq_init
 .text.am_hal_cmdq_enable
                0x00019af4       0x3c ../../../../../../mcu/apollo3/hal/gcc/bin/libam_hal.a(am_hal_cmdq.o)
                0x00019af4                am_hal_cmdq_enable
 .text.am_hal_cmdq_term
                0x00019b30       0x88 ../../../../../../mcu/apollo3/hal/gcc/bin/libam_hal.a(am_hal_cmdq.o)
                0x00019b30                am_hal_cmdq_term
 .text.am_hal_queue_init
                0x00019bb8       0x18 ../../../../../../mcu/apollo3/hal/gcc/bin/libam_hal.a(am_hal_queue.o)
                0x00019bb8                am_hal_queue_init
 .text.am_hal_queue_item_add
                0x00019bd0       0x7c ../../../../../../mcu/apollo3/hal/gcc/bin/libam_hal.a(am_hal_queue.o)
                0x00019bd0                am_hal_queue_item_add
 .text.am_hal_queue_item_get
                0x00019c4c       0x7c ../../../../../../mcu/apollo3/hal/gcc/bin/libam_hal.a(am_hal_queue.o)
                0x00019c4c                am_hal_queue_item_get
                0x00019cc8                __init_array_start = .
 *(.init_array*)
                0x00019cc8                __init_array_end = .
                0x00019cc8                . = ALIGN (0x4)
 *(.rodata)
 .rodata        0x00019cc8      0x3ca ../gcc/redboard_artemis_atp/bin/main.o
 *fill*         0x0001a092        0x2 
 .rodata        0x0001a094       0x13 ../gcc/redboard_artemis_atp/bin/am_util_stdio.o
 *fill*         0x0001a0a7        0x1 
 .rodata        0x0001a0a8       0x7f ../gcc/redboard_artemis_atp/bin/SD.o
 *fill*         0x0001a127        0x1 
 .rodata        0x0001a128       0x3f ../gcc/redboard_artemis_atp/bin/diskio.o
 *fill*         0x0001a167        0x1 
 .rodata        0x0001a168       0x60 ../gcc/redboard_artemis_atp/bin/ff.o
 *(.rodata*)
 .rodata.LfnOfs
                0x0001a1c8        0xd ../gcc/redboard_artemis_atp/bin/ff.o
 *fill*         0x0001a1d5        0x3 
 .rodata.defopt.6441
                0x0001a1d8       0x10 ../gcc/redboard_artemis_atp/bin/ff.o
 .rodata.cst32.6440
                0x0001a1e8        0xe ../gcc/redboard_artemis_atp/bin/ff.o
 *fill*         0x0001a1f6        0x2 
 .rodata.cst.6439
                0x0001a1f8        0xe ../gcc/redboard_artemis_atp/bin/ff.o
 *fill*         0x0001a206        0x2 
 .rodata.uni2oem932
                0x0001a208     0x7378 ../gcc/redboard_artemis_atp/bin/ffunicode.o
 .rodata.oem2uni932
                0x00021580     0x7378 ../gcc/redboard_artemis_atp/bin/ffunicode.o
 .rodata.cvt1.5636
                0x000288f8      0x1f2 ../gcc/redboard_artemis_atp/bin/ffunicode.o
 *fill*         0x00028aea        0x2 
 .rodata.cvt2.5637
                0x00028aec       0xbc ../gcc/redboard_artemis_atp/bin/ffunicode.o
 .rodata.g_sBspUartConfig
                0x00028ba8       0x28 ../../../../redboard_artemis_atp/bsp/gcc/bin/libam_bsp.a(am_bsp.o)
 .rodata.g_AM_BSP_GPIO_COM_UART_RX
                0x00028bd0        0x4 ../../../../redboard_artemis_atp/bsp/gcc/bin/libam_bsp.a(am_bsp_pins.o)
                0x00028bd0                g_AM_BSP_GPIO_COM_UART_RX
 .rodata.g_AM_BSP_GPIO_COM_UART_TX
                0x00028bd4        0x4 ../../../../redboard_artemis_atp/bsp/gcc/bin/libam_bsp.a(am_bsp_pins.o)
                0x00028bd4                g_AM_BSP_GPIO_COM_UART_TX
 .rodata.g_AM_BSP_GPIO_IOM0_CS
                0x00028bd8        0x4 ../../../../redboard_artemis_atp/bsp/gcc/bin/libam_bsp.a(am_bsp_pins.o)
                0x00028bd8                g_AM_BSP_GPIO_IOM0_CS
 .rodata.g_AM_BSP_GPIO_IOM0_MISO
                0x00028bdc        0x4 ../../../../redboard_artemis_atp/bsp/gcc/bin/libam_bsp.a(am_bsp_pins.o)
                0x00028bdc                g_AM_BSP_GPIO_IOM0_MISO
 .rodata.g_AM_BSP_GPIO_IOM0_MOSI
                0x00028be0        0x4 ../../../../redboard_artemis_atp/bsp/gcc/bin/libam_bsp.a(am_bsp_pins.o)
                0x00028be0                g_AM_BSP_GPIO_IOM0_MOSI
 .rodata.g_AM_BSP_GPIO_IOM0_SCK
                0x00028be4        0x4 ../../../../redboard_artemis_atp/bsp/gcc/bin/libam_bsp.a(am_bsp_pins.o)
                0x00028be4                g_AM_BSP_GPIO_IOM0_SCK
 .rodata.g_AM_BSP_GPIO_IOM0_SCL
                0x00028be8        0x4 ../../../../redboard_artemis_atp/bsp/gcc/bin/libam_bsp.a(am_bsp_pins.o)
                0x00028be8                g_AM_BSP_GPIO_IOM0_SCL
 .rodata.g_AM_BSP_GPIO_IOM0_SDA
                0x00028bec        0x4 ../../../../redboard_artemis_atp/bsp/gcc/bin/libam_bsp.a(am_bsp_pins.o)
                0x00028bec                g_AM_BSP_GPIO_IOM0_SDA
 .rodata.g_AM_BSP_GPIO_IOM1_CS
                0x00028bf0        0x4 ../../../../redboard_artemis_atp/bsp/gcc/bin/libam_bsp.a(am_bsp_pins.o)
                0x00028bf0                g_AM_BSP_GPIO_IOM1_CS
 .rodata.g_AM_BSP_GPIO_IOM1_MISO
                0x00028bf4        0x4 ../../../../redboard_artemis_atp/bsp/gcc/bin/libam_bsp.a(am_bsp_pins.o)
                0x00028bf4                g_AM_BSP_GPIO_IOM1_MISO
 .rodata.g_AM_BSP_GPIO_IOM1_MOSI
                0x00028bf8        0x4 ../../../../redboard_artemis_atp/bsp/gcc/bin/libam_bsp.a(am_bsp_pins.o)
                0x00028bf8                g_AM_BSP_GPIO_IOM1_MOSI
 .rodata.g_AM_BSP_GPIO_IOM1_SCK
                0x00028bfc        0x4 ../../../../redboard_artemis_atp/bsp/gcc/bin/libam_bsp.a(am_bsp_pins.o)
                0x00028bfc                g_AM_BSP_GPIO_IOM1_SCK
 .rodata.g_AM_BSP_GPIO_IOM1_SCL
                0x00028c00        0x4 ../../../../redboard_artemis_atp/bsp/gcc/bin/libam_bsp.a(am_bsp_pins.o)
                0x00028c00                g_AM_BSP_GPIO_IOM1_SCL
 .rodata.g_AM_BSP_GPIO_IOM1_SDA
                0x00028c04        0x4 ../../../../redboard_artemis_atp/bsp/gcc/bin/libam_bsp.a(am_bsp_pins.o)
                0x00028c04                g_AM_BSP_GPIO_IOM1_SDA
 .rodata.g_AM_BSP_GPIO_IOM2_CS
                0x00028c08        0x4 ../../../../redboard_artemis_atp/bsp/gcc/bin/libam_bsp.a(am_bsp_pins.o)
                0x00028c08                g_AM_BSP_GPIO_IOM2_CS
 .rodata.g_AM_BSP_GPIO_IOM2_MISO
                0x00028c0c        0x4 ../../../../redboard_artemis_atp/bsp/gcc/bin/libam_bsp.a(am_bsp_pins.o)
                0x00028c0c                g_AM_BSP_GPIO_IOM2_MISO
 .rodata.g_AM_BSP_GPIO_IOM2_MOSI
                0x00028c10        0x4 ../../../../redboard_artemis_atp/bsp/gcc/bin/libam_bsp.a(am_bsp_pins.o)
                0x00028c10                g_AM_BSP_GPIO_IOM2_MOSI
 .rodata.g_AM_BSP_GPIO_IOM2_SCK
                0x00028c14        0x4 ../../../../redboard_artemis_atp/bsp/gcc/bin/libam_bsp.a(am_bsp_pins.o)
                0x00028c14                g_AM_BSP_GPIO_IOM2_SCK
 .rodata.g_AM_BSP_GPIO_IOM2_SCL
                0x00028c18        0x4 ../../../../redboard_artemis_atp/bsp/gcc/bin/libam_bsp.a(am_bsp_pins.o)
                0x00028c18                g_AM_BSP_GPIO_IOM2_SCL
 .rodata.g_AM_BSP_GPIO_IOM2_SDA
                0x00028c1c        0x4 ../../../../redboard_artemis_atp/bsp/gcc/bin/libam_bsp.a(am_bsp_pins.o)
                0x00028c1c                g_AM_BSP_GPIO_IOM2_SDA
 .rodata.g_AM_BSP_GPIO_IOM3_CS
                0x00028c20        0x4 ../../../../redboard_artemis_atp/bsp/gcc/bin/libam_bsp.a(am_bsp_pins.o)
                0x00028c20                g_AM_BSP_GPIO_IOM3_CS
 .rodata.g_AM_BSP_GPIO_IOM3_MISO
                0x00028c24        0x4 ../../../../redboard_artemis_atp/bsp/gcc/bin/libam_bsp.a(am_bsp_pins.o)
                0x00028c24                g_AM_BSP_GPIO_IOM3_MISO
 .rodata.g_AM_BSP_GPIO_IOM3_MOSI
                0x00028c28        0x4 ../../../../redboard_artemis_atp/bsp/gcc/bin/libam_bsp.a(am_bsp_pins.o)
                0x00028c28                g_AM_BSP_GPIO_IOM3_MOSI
 .rodata.g_AM_BSP_GPIO_IOM3_SCK
                0x00028c2c        0x4 ../../../../redboard_artemis_atp/bsp/gcc/bin/libam_bsp.a(am_bsp_pins.o)
                0x00028c2c                g_AM_BSP_GPIO_IOM3_SCK
 .rodata.g_AM_BSP_GPIO_IOM3_SCL
                0x00028c30        0x4 ../../../../redboard_artemis_atp/bsp/gcc/bin/libam_bsp.a(am_bsp_pins.o)
                0x00028c30                g_AM_BSP_GPIO_IOM3_SCL
 .rodata.g_AM_BSP_GPIO_IOM3_SDA
                0x00028c34        0x4 ../../../../redboard_artemis_atp/bsp/gcc/bin/libam_bsp.a(am_bsp_pins.o)
                0x00028c34                g_AM_BSP_GPIO_IOM3_SDA
 .rodata.g_AM_BSP_GPIO_IOM4_CS
                0x00028c38        0x4 ../../../../redboard_artemis_atp/bsp/gcc/bin/libam_bsp.a(am_bsp_pins.o)
                0x00028c38                g_AM_BSP_GPIO_IOM4_CS
 .rodata.g_AM_BSP_GPIO_IOM4_MISO
                0x00028c3c        0x4 ../../../../redboard_artemis_atp/bsp/gcc/bin/libam_bsp.a(am_bsp_pins.o)
                0x00028c3c                g_AM_BSP_GPIO_IOM4_MISO
 .rodata.g_AM_BSP_GPIO_IOM4_MOSI
                0x00028c40        0x4 ../../../../redboard_artemis_atp/bsp/gcc/bin/libam_bsp.a(am_bsp_pins.o)
                0x00028c40                g_AM_BSP_GPIO_IOM4_MOSI
 .rodata.g_AM_BSP_GPIO_IOM4_SCK
                0x00028c44        0x4 ../../../../redboard_artemis_atp/bsp/gcc/bin/libam_bsp.a(am_bsp_pins.o)
                0x00028c44                g_AM_BSP_GPIO_IOM4_SCK
 .rodata.g_AM_BSP_GPIO_IOM4_SCL
                0x00028c48        0x4 ../../../../redboard_artemis_atp/bsp/gcc/bin/libam_bsp.a(am_bsp_pins.o)
                0x00028c48                g_AM_BSP_GPIO_IOM4_SCL
 .rodata.g_AM_BSP_GPIO_IOM4_SDA
                0x00028c4c        0x4 ../../../../redboard_artemis_atp/bsp/gcc/bin/libam_bsp.a(am_bsp_pins.o)
                0x00028c4c                g_AM_BSP_GPIO_IOM4_SDA
 .rodata.g_AM_BSP_GPIO_IOM5_CS
                0x00028c50        0x4 ../../../../redboard_artemis_atp/bsp/gcc/bin/libam_bsp.a(am_bsp_pins.o)
                0x00028c50                g_AM_BSP_GPIO_IOM5_CS
 .rodata.g_AM_BSP_GPIO_IOM5_MISO
                0x00028c54        0x4 ../../../../redboard_artemis_atp/bsp/gcc/bin/libam_bsp.a(am_bsp_pins.o)
                0x00028c54                g_AM_BSP_GPIO_IOM5_MISO
 .rodata.g_AM_BSP_GPIO_IOM5_MOSI
                0x00028c58        0x4 ../../../../redboard_artemis_atp/bsp/gcc/bin/libam_bsp.a(am_bsp_pins.o)
                0x00028c58                g_AM_BSP_GPIO_IOM5_MOSI
 .rodata.g_AM_BSP_GPIO_IOM5_SCK
                0x00028c5c        0x4 ../../../../redboard_artemis_atp/bsp/gcc/bin/libam_bsp.a(am_bsp_pins.o)
                0x00028c5c                g_AM_BSP_GPIO_IOM5_SCK
 .rodata.g_AM_BSP_GPIO_IOM5_SCL
                0x00028c60        0x4 ../../../../redboard_artemis_atp/bsp/gcc/bin/libam_bsp.a(am_bsp_pins.o)
                0x00028c60                g_AM_BSP_GPIO_IOM5_SCL
 .rodata.g_AM_BSP_GPIO_IOM5_SDA
                0x00028c64        0x4 ../../../../redboard_artemis_atp/bsp/gcc/bin/libam_bsp.a(am_bsp_pins.o)
                0x00028c64                g_AM_BSP_GPIO_IOM5_SDA
 .rodata.g_AM_HAL_GPIO_DISABLE
                0x00028c68        0x4 ../../../../../../mcu/apollo3/hal/gcc/bin/libam_hal.a(am_hal_gpio.o)
                0x00028c68                g_AM_HAL_GPIO_DISABLE
 .rodata.g_ui8Bit76Capabilities
                0x00028c6c       0x32 ../../../../../../mcu/apollo3/hal/gcc/bin/libam_hal.a(am_hal_gpio.o)
 *fill*         0x00028c9e        0x2 
 .rodata.g_ui8Inpen
                0x00028ca0       0x32 ../../../../../../mcu/apollo3/hal/gcc/bin/libam_hal.a(am_hal_gpio.o)
 *fill*         0x00028cd2        0x2 
 .rodata.g_ui8NCEtable
                0x00028cd4       0xc8 ../../../../../../mcu/apollo3/hal/gcc/bin/libam_hal.a(am_hal_gpio.o)
 .rodata.g_ui8nCEpins
                0x00028d9c       0x32 ../../../../../../mcu/apollo3/hal/gcc/bin/libam_hal.a(am_hal_gpio.o)
 *fill*         0x00028dce        0x2 
 .rodata.g_am_hal_mcuctrl_flash_size
                0x00028dd0       0x40 ../../../../../../mcu/apollo3/hal/gcc/bin/libam_hal.a(am_hal_mcuctrl.o)
                0x00028dd0                g_am_hal_mcuctrl_flash_size
 .rodata.g_am_hal_mcuctrl_sram_size
                0x00028e10       0x40 ../../../../../../mcu/apollo3/hal/gcc/bin/libam_hal.a(am_hal_mcuctrl.o)
                0x00028e10                g_am_hal_mcuctrl_sram_size
 .rodata.am_hal_pwrctrl_peripheral_control
                0x00028e50       0xb4 ../../../../../../mcu/apollo3/hal/gcc/bin/libam_hal.a(am_hal_pwrctrl.o)
                0x00028e50                am_hal_pwrctrl_peripheral_control
 .rodata.CSWTCH.20
                0x00028f04       0x10 ../../../../../../mcu/apollo3/hal/gcc/bin/libam_hal.a(am_hal_uart.o)
 .rodata.gAmHalCmdQReg
                0x00028f14      0x140 ../../../../../../mcu/apollo3/hal/gcc/bin/libam_hal.a(am_hal_cmdq.o)
                0x00029054                . = ALIGN (0x4)
                0x00029054                _etext = .

.glue_7         0x00029054        0x0
 .glue_7        0x00029054        0x0 linker stubs

.glue_7t        0x00029054        0x0
 .glue_7t       0x00029054        0x0 linker stubs

.vfp11_veneer   0x00029054        0x0
 .vfp11_veneer  0x00029054        0x0 linker stubs

.v4_bx          0x00029054        0x0
 .v4_bx         0x00029054        0x0 linker stubs

.iplt           0x00029054        0x0
 .iplt          0x00029054        0x0 ../gcc/redboard_artemis_atp/bin/main.o

.rel.dyn        0x00029054        0x0
 .rel.iplt      0x00029054        0x0 ../gcc/redboard_artemis_atp/bin/main.o

.ARM.exidx      0x00029054        0x8
 .ARM.exidx     0x00029054        0x8 c:/program files (x86)/gnu tools arm embedded/8 2018-q4-major/bin/../lib/gcc/arm-none-eabi/8.2.1/thumb/v7e-m+fp/hard\libgcc.a(_udivmoddi4.o)

.data           0x10000000       0x40 load address 0x0002905c
                0x10000000                . = ALIGN (0x4)
                0x10000000                _sdata = .
 *(.data)
 *(.data*)
 .data.WriteBuffer
                0x10000000       0x33 ../gcc/redboard_artemis_atp/bin/main.o
                0x10000000                WriteBuffer
 *fill*         0x10000033        0x1 
 .data.SD_Type  0x10000034        0x4 ../gcc/redboard_artemis_atp/bin/SD.o
                0x10000034                SD_Type
 .data.txval    0x10000038        0x4 ../gcc/redboard_artemis_atp/bin/SD.o
 .data.g_ui32PrintInterface
                0x1000003c        0x4 ../../../../redboard_artemis_atp/bsp/gcc/bin/libam_bsp.a(am_bsp.o)
                0x10000040                . = ALIGN (0x4)
                0x10000040                _edata = .
                0x0002905c                _init_data = LOADADDR (.data)

.igot.plt       0x10000040        0x0 load address 0x0002909c
 .igot.plt      0x10000040        0x0 ../gcc/redboard_artemis_atp/bin/main.o

.bss            0x10000040     0x4864 load address 0x0002909c
                0x10000040                . = ALIGN (0x4)
                0x10000040                _sbss = .
 *(.bss)
 *(.bss*)
 .bss.ReadBuffer
                0x10000040      0x400 ../gcc/redboard_artemis_atp/bin/main.o
                0x10000040                ReadBuffer
 .bss.g_prfbuf  0x10000440      0x100 ../gcc/redboard_artemis_atp/bin/am_util_stdio.o
 .bss.g_bTxtXlate
                0x10000540        0x1 ../gcc/redboard_artemis_atp/bin/am_util_stdio.o
 *fill*         0x10000541        0x3 
 .bss.spi_handle
                0x10000544        0x4 ../gcc/redboard_artemis_atp/bin/SD_SPI.o
                0x10000544                spi_handle
 .bss.iomTransfer
                0x10000548       0x28 ../gcc/redboard_artemis_atp/bin/SD_SPI.o
                0x10000548                iomTransfer
 .bss.rxval     0x10000570        0x4 ../gcc/redboard_artemis_atp/bin/SD.o
 .bss.FatFs     0x10000574        0x4 ../gcc/redboard_artemis_atp/bin/ff.o
 .bss.Fsid      0x10000578        0x2 ../gcc/redboard_artemis_atp/bin/ff.o
 *fill*         0x1000057a        0x2 
 .bss.DirBuf    0x1000057c      0x260 ../gcc/redboard_artemis_atp/bin/ff.o
 .bss.LfnBuf    0x100007dc      0x200 ../gcc/redboard_artemis_atp/bin/ff.o
 .bss.g_sCOMUART
                0x100009dc        0x4 ../../../../redboard_artemis_atp/bsp/gcc/bin/libam_bsp.a(am_bsp.o)
 .bss.gAmHalCmdq
                0x100009e0      0x160 ../../../../../../mcu/apollo3/hal/gcc/bin/libam_hal.a(am_hal_cmdq.o)
 *(COMMON)
 COMMON         0x10000b40      0x49d ../gcc/redboard_artemis_atp/bin/main.o
                0x10000b40                fs
                0x10000d80                fnew
                0x10000fd8                fnum
                0x10000fdc                res_sd
 *fill*         0x10000fdd        0x3 
 COMMON         0x10000fe0        0x4 ../gcc/redboard_artemis_atp/bin/am_util_stdio.o
                0x10000fe0                g_pfnCharPrint
 COMMON         0x10000fe4      0x419 ../gcc/redboard_artemis_atp/bin/SD_SPI.o
                0x10000fe4                dummy_tx
                0x100011e4                dummy_rx
                0x100013e4                cs_pin
                0x100013e8                spi_config
                0x100013fc                spi_instance
 *fill*         0x100013fd        0x3 
 COMMON         0x10001400        0x4 ../gcc/redboard_artemis_atp/bin/SD.o
                0x10001400                repeat
 COMMON         0x10001404     0x33d8 ../../../../../../mcu/apollo3/hal/gcc/bin/libam_hal.a(am_hal_iom.o)
                0x10001404                g_IOMhandles
 COMMON         0x100047dc       0xc8 ../../../../../../mcu/apollo3/hal/gcc/bin/libam_hal.a(am_hal_uart.o)
                0x100047dc                g_am_hal_uart_states
                0x100048a4                . = ALIGN (0x4)
                0x100048a4                _ebss = .

.heap           0x100048a4        0x0 load address 0x0002909c
                0x100048a4                . = ALIGN (0x4)
                0x100048a4                __end__ = .
                [!provide]                PROVIDE (end = .)
                0x100048a4                _sheap = .

.dmz            0x100048a4    0x5b754
                0x1005fff8                . = ((ORIGIN (sram) + LENGTH (sram)) - 0x8)
 *fill*         0x100048a4    0x5b754 
                0x1005fff8                . = ALIGN (0x8)

.stack          0x1005fff8        0x0
                0x1005fff8                . = ALIGN (0x8)
 *fill*         0x1005fff8        0x0 
                0x1005fff8                _sstack = .
LOAD ../gcc/redboard_artemis_atp/bin/main.o
LOAD ../gcc/redboard_artemis_atp/bin/startup_gcc.o
LOAD ../gcc/redboard_artemis_atp/bin/am_util_delay.o
LOAD ../gcc/redboard_artemis_atp/bin/am_util_faultisr.o
LOAD ../gcc/redboard_artemis_atp/bin/am_util_stdio.o
LOAD ../gcc/redboard_artemis_atp/bin/am_devices_led.o
LOAD ../gcc/redboard_artemis_atp/bin/SD_SPI.o
LOAD ../gcc/redboard_artemis_atp/bin/SD.o
LOAD ../gcc/redboard_artemis_atp/bin/diskio.o
LOAD ../gcc/redboard_artemis_atp/bin/ff.o
LOAD ../gcc/redboard_artemis_atp/bin/ffsystem.o
LOAD ../gcc/redboard_artemis_atp/bin/flash.o
LOAD ../gcc/redboard_artemis_atp/bin/ffunicode.o
START GROUP
LOAD c:/program files (x86)/gnu tools arm embedded/8 2018-q4-major/bin/../lib/gcc/arm-none-eabi/8.2.1/../../../../arm-none-eabi/lib/thumb/v7e-m+fp/hard\libm.a
LOAD c:/program files (x86)/gnu tools arm embedded/8 2018-q4-major/bin/../lib/gcc/arm-none-eabi/8.2.1/../../../../arm-none-eabi/lib/thumb/v7e-m+fp/hard\libc.a
LOAD c:/program files (x86)/gnu tools arm embedded/8 2018-q4-major/bin/../lib/gcc/arm-none-eabi/8.2.1/thumb/v7e-m+fp/hard\libgcc.a
LOAD ../../../../redboard_artemis_atp/bsp/gcc/bin/libam_bsp.a
LOAD ../../../../../../mcu/apollo3/hal/gcc/bin/libam_hal.a
END GROUP
START GROUP
LOAD c:/program files (x86)/gnu tools arm embedded/8 2018-q4-major/bin/../lib/gcc/arm-none-eabi/8.2.1/thumb/v7e-m+fp/hard\libgcc.a
LOAD c:/program files (x86)/gnu tools arm embedded/8 2018-q4-major/bin/../lib/gcc/arm-none-eabi/8.2.1/../../../../arm-none-eabi/lib/thumb/v7e-m+fp/hard\libc.a
END GROUP
OUTPUT(../gcc/redboard_artemis_atp/bin/SD_svl.axf elf32-littlearm)

.debug_info     0x00000000     0x95d0
 .debug_info    0x00000000     0x12f6 ../gcc/redboard_artemis_atp/bin/main.o
 .debug_info    0x000012f6      0x1c1 ../gcc/redboard_artemis_atp/bin/startup_gcc.o
 .debug_info    0x000014b7      0x8ce ../gcc/redboard_artemis_atp/bin/am_util_delay.o
 .debug_info    0x00001d85      0x9e8 ../gcc/redboard_artemis_atp/bin/am_util_faultisr.o
 .debug_info    0x0000276d      0x91c ../gcc/redboard_artemis_atp/bin/am_util_stdio.o
 .debug_info    0x00003089     0x139c ../gcc/redboard_artemis_atp/bin/SD_SPI.o
 .debug_info    0x00004425     0x1185 ../gcc/redboard_artemis_atp/bin/SD.o
 .debug_info    0x000055aa      0xe47 ../gcc/redboard_artemis_atp/bin/diskio.o
 .debug_info    0x000063f1     0x2ec7 ../gcc/redboard_artemis_atp/bin/ff.o
 .debug_info    0x000092b8      0x318 ../gcc/redboard_artemis_atp/bin/ffunicode.o

.debug_abbrev   0x00000000     0x1492
 .debug_abbrev  0x00000000      0x2c1 ../gcc/redboard_artemis_atp/bin/main.o
 .debug_abbrev  0x000002c1       0xfe ../gcc/redboard_artemis_atp/bin/startup_gcc.o
 .debug_abbrev  0x000003bf      0x1d8 ../gcc/redboard_artemis_atp/bin/am_util_delay.o
 .debug_abbrev  0x00000597      0x209 ../gcc/redboard_artemis_atp/bin/am_util_faultisr.o
 .debug_abbrev  0x000007a0      0x235 ../gcc/redboard_artemis_atp/bin/am_util_stdio.o
 .debug_abbrev  0x000009d5      0x2a1 ../gcc/redboard_artemis_atp/bin/SD_SPI.o
 .debug_abbrev  0x00000c76      0x2cc ../gcc/redboard_artemis_atp/bin/SD.o
 .debug_abbrev  0x00000f42      0x239 ../gcc/redboard_artemis_atp/bin/diskio.o
 .debug_abbrev  0x0000117b      0x235 ../gcc/redboard_artemis_atp/bin/ff.o
 .debug_abbrev  0x000013b0       0xe2 ../gcc/redboard_artemis_atp/bin/ffunicode.o

.debug_aranges  0x00000000      0x580
 .debug_aranges
                0x00000000       0x40 ../gcc/redboard_artemis_atp/bin/main.o
 .debug_aranges
                0x00000040       0x38 ../gcc/redboard_artemis_atp/bin/startup_gcc.o
 .debug_aranges
                0x00000078       0x30 ../gcc/redboard_artemis_atp/bin/am_util_delay.o
 .debug_aranges
                0x000000a8       0x30 ../gcc/redboard_artemis_atp/bin/am_util_faultisr.o
 .debug_aranges
                0x000000d8       0xa0 ../gcc/redboard_artemis_atp/bin/am_util_stdio.o
 .debug_aranges
                0x00000178       0x78 ../gcc/redboard_artemis_atp/bin/SD_SPI.o
 .debug_aranges
                0x000001f0       0x90 ../gcc/redboard_artemis_atp/bin/SD.o
 .debug_aranges
                0x00000280       0x48 ../gcc/redboard_artemis_atp/bin/diskio.o
 .debug_aranges
                0x000002c8      0x288 ../gcc/redboard_artemis_atp/bin/ff.o
 .debug_aranges
                0x00000550       0x30 ../gcc/redboard_artemis_atp/bin/ffunicode.o

.debug_ranges   0x00000000      0x510
 .debug_ranges  0x00000000       0x30 ../gcc/redboard_artemis_atp/bin/main.o
 .debug_ranges  0x00000030       0x28 ../gcc/redboard_artemis_atp/bin/startup_gcc.o
 .debug_ranges  0x00000058       0x20 ../gcc/redboard_artemis_atp/bin/am_util_delay.o
 .debug_ranges  0x00000078       0x20 ../gcc/redboard_artemis_atp/bin/am_util_faultisr.o
 .debug_ranges  0x00000098       0x90 ../gcc/redboard_artemis_atp/bin/am_util_stdio.o
 .debug_ranges  0x00000128       0x68 ../gcc/redboard_artemis_atp/bin/SD_SPI.o
 .debug_ranges  0x00000190       0x80 ../gcc/redboard_artemis_atp/bin/SD.o
 .debug_ranges  0x00000210       0x38 ../gcc/redboard_artemis_atp/bin/diskio.o
 .debug_ranges  0x00000248      0x2a8 ../gcc/redboard_artemis_atp/bin/ff.o
 .debug_ranges  0x000004f0       0x20 ../gcc/redboard_artemis_atp/bin/ffunicode.o

.debug_line     0x00000000     0x74c0
 .debug_line    0x00000000      0x451 ../gcc/redboard_artemis_atp/bin/main.o
 .debug_line    0x00000451      0x1b4 ../gcc/redboard_artemis_atp/bin/startup_gcc.o
 .debug_line    0x00000605      0x2c7 ../gcc/redboard_artemis_atp/bin/am_util_delay.o
 .debug_line    0x000008cc      0x38c ../gcc/redboard_artemis_atp/bin/am_util_faultisr.o
 .debug_line    0x00000c58      0xa4c ../gcc/redboard_artemis_atp/bin/am_util_stdio.o
 .debug_line    0x000016a4      0x5e0 ../gcc/redboard_artemis_atp/bin/SD_SPI.o
 .debug_line    0x00001c84      0x733 ../gcc/redboard_artemis_atp/bin/SD.o
 .debug_line    0x000023b7      0x4ef ../gcc/redboard_artemis_atp/bin/diskio.o
 .debug_line    0x000028a6     0x4950 ../gcc/redboard_artemis_atp/bin/ff.o
 .debug_line    0x000071f6      0x2ca ../gcc/redboard_artemis_atp/bin/ffunicode.o

.debug_str      0x00000000     0x2ff8
 .debug_str     0x00000000     0x1a52 ../gcc/redboard_artemis_atp/bin/main.o
                               0x1af5 (size before relaxing)
 .debug_str     0x00001a52       0xd9 ../gcc/redboard_artemis_atp/bin/startup_gcc.o
                                0x2c7 (size before relaxing)
 .debug_str     0x00001b2b       0xec ../gcc/redboard_artemis_atp/bin/am_util_delay.o
                                0xb45 (size before relaxing)
 .debug_str     0x00001c17      0x1a5 ../gcc/redboard_artemis_atp/bin/am_util_faultisr.o
                                0xc24 (size before relaxing)
 .debug_str     0x00001dbc      0x34a ../gcc/redboard_artemis_atp/bin/am_util_stdio.o
                                0x5bc (size before relaxing)
 .debug_str     0x00002106      0x745 ../gcc/redboard_artemis_atp/bin/SD_SPI.o
                               0x1ea9 (size before relaxing)
 .debug_str     0x0000284b      0x135 ../gcc/redboard_artemis_atp/bin/SD.o
                               0x1931 (size before relaxing)
 .debug_str     0x00002980       0xb8 ../gcc/redboard_artemis_atp/bin/diskio.o
                               0x117e (size before relaxing)
 .debug_str     0x00002a38      0x553 ../gcc/redboard_artemis_atp/bin/ff.o
                                0xa28 (size before relaxing)
 .debug_str     0x00002f8b       0x6d ../gcc/redboard_artemis_atp/bin/ffunicode.o
                                0x28a (size before relaxing)

.comment        0x00000000      0x13a
 .comment       0x00000000       0x75 ../gcc/redboard_artemis_atp/bin/main.o
                                 0x76 (size before relaxing)
 .comment       0x00000075       0x76 ../gcc/redboard_artemis_atp/bin/startup_gcc.o
 .comment       0x00000075       0x76 ../gcc/redboard_artemis_atp/bin/am_util_delay.o
 .comment       0x00000075       0x76 ../gcc/redboard_artemis_atp/bin/am_util_faultisr.o
 .comment       0x00000075       0x76 ../gcc/redboard_artemis_atp/bin/am_util_stdio.o
 .comment       0x00000075       0x76 ../gcc/redboard_artemis_atp/bin/SD_SPI.o
 .comment       0x00000075       0x76 ../gcc/redboard_artemis_atp/bin/SD.o
 .comment       0x00000075       0x76 ../gcc/redboard_artemis_atp/bin/diskio.o
 .comment       0x00000075       0x76 ../gcc/redboard_artemis_atp/bin/ff.o
 .comment       0x00000075       0x76 ../gcc/redboard_artemis_atp/bin/ffunicode.o
 .comment       0x00000075       0x79 ../../../../redboard_artemis_atp/bsp/gcc/bin/libam_bsp.a(am_bsp.o)
                                 0x7a (size before relaxing)
 .comment       0x000000ee       0x7a ../../../../redboard_artemis_atp/bsp/gcc/bin/libam_bsp.a(am_bsp_pins.o)
 .comment       0x000000ee       0x4c ../../../../../../mcu/apollo3/hal/gcc/bin/libam_hal.a(am_hal_clkgen.o)
                                 0x4d (size before relaxing)
 .comment       0x0000013a       0x4d ../../../../../../mcu/apollo3/hal/gcc/bin/libam_hal.a(am_hal_flash.o)
 .comment       0x0000013a       0x4d ../../../../../../mcu/apollo3/hal/gcc/bin/libam_hal.a(am_hal_gpio.o)
 .comment       0x0000013a       0x4d ../../../../../../mcu/apollo3/hal/gcc/bin/libam_hal.a(am_hal_interrupt.o)
 .comment       0x0000013a       0x4d ../../../../../../mcu/apollo3/hal/gcc/bin/libam_hal.a(am_hal_iom.o)
 .comment       0x0000013a       0x4d ../../../../../../mcu/apollo3/hal/gcc/bin/libam_hal.a(am_hal_mcuctrl.o)
 .comment       0x0000013a       0x4d ../../../../../../mcu/apollo3/hal/gcc/bin/libam_hal.a(am_hal_pwrctrl.o)
 .comment       0x0000013a       0x4d ../../../../../../mcu/apollo3/hal/gcc/bin/libam_hal.a(am_hal_uart.o)
 .comment       0x0000013a       0x4d ../../../../../../mcu/apollo3/hal/gcc/bin/libam_hal.a(am_hal_cmdq.o)
 .comment       0x0000013a       0x4d ../../../../../../mcu/apollo3/hal/gcc/bin/libam_hal.a(am_hal_queue.o)

.ARM.attributes
                0x00000000       0x34
 .ARM.attributes
                0x00000000       0x34 ../gcc/redboard_artemis_atp/bin/main.o
 .ARM.attributes
                0x00000034       0x34 ../gcc/redboard_artemis_atp/bin/startup_gcc.o
 .ARM.attributes
                0x00000068       0x34 ../gcc/redboard_artemis_atp/bin/am_util_delay.o
 .ARM.attributes
                0x0000009c       0x34 ../gcc/redboard_artemis_atp/bin/am_util_faultisr.o
 .ARM.attributes
                0x000000d0       0x34 ../gcc/redboard_artemis_atp/bin/am_util_stdio.o
 .ARM.attributes
                0x00000104       0x34 ../gcc/redboard_artemis_atp/bin/SD_SPI.o
 .ARM.attributes
                0x00000138       0x34 ../gcc/redboard_artemis_atp/bin/SD.o
 .ARM.attributes
                0x0000016c       0x34 ../gcc/redboard_artemis_atp/bin/diskio.o
 .ARM.attributes
                0x000001a0       0x34 ../gcc/redboard_artemis_atp/bin/ff.o
 .ARM.attributes
                0x000001d4       0x34 ../gcc/redboard_artemis_atp/bin/ffunicode.o
 .ARM.attributes
                0x00000208       0x1e c:/program files (x86)/gnu tools arm embedded/8 2018-q4-major/bin/../lib/gcc/arm-none-eabi/8.2.1/thumb/v7e-m+fp/hard\libgcc.a(_arm_truncdfsf2.o)
 .ARM.attributes
                0x00000226       0x1e c:/program files (x86)/gnu tools arm embedded/8 2018-q4-major/bin/../lib/gcc/arm-none-eabi/8.2.1/thumb/v7e-m+fp/hard\libgcc.a(_aeabi_uldivmod.o)
 .ARM.attributes
                0x00000244       0x34 c:/program files (x86)/gnu tools arm embedded/8 2018-q4-major/bin/../lib/gcc/arm-none-eabi/8.2.1/thumb/v7e-m+fp/hard\libgcc.a(_udivmoddi4.o)
 .ARM.attributes
                0x00000278       0x1e c:/program files (x86)/gnu tools arm embedded/8 2018-q4-major/bin/../lib/gcc/arm-none-eabi/8.2.1/thumb/v7e-m+fp/hard\libgcc.a(_dvmd_tls.o)
 .ARM.attributes
                0x00000296       0x34 ../../../../redboard_artemis_atp/bsp/gcc/bin/libam_bsp.a(am_bsp.o)
 .ARM.attributes
                0x000002ca       0x39 ../../../../redboard_artemis_atp/bsp/gcc/bin/libam_bsp.a(am_bsp_pins.o)
 .ARM.attributes
                0x00000303       0x34 ../../../../../../mcu/apollo3/hal/gcc/bin/libam_hal.a(am_hal_clkgen.o)
 .ARM.attributes
                0x00000337       0x34 ../../../../../../mcu/apollo3/hal/gcc/bin/libam_hal.a(am_hal_flash.o)
 .ARM.attributes
                0x0000036b       0x34 ../../../../../../mcu/apollo3/hal/gcc/bin/libam_hal.a(am_hal_gpio.o)
 .ARM.attributes
                0x0000039f       0x34 ../../../../../../mcu/apollo3/hal/gcc/bin/libam_hal.a(am_hal_interrupt.o)
 .ARM.attributes
                0x000003d3       0x34 ../../../../../../mcu/apollo3/hal/gcc/bin/libam_hal.a(am_hal_iom.o)
 .ARM.attributes
                0x00000407       0x34 ../../../../../../mcu/apollo3/hal/gcc/bin/libam_hal.a(am_hal_mcuctrl.o)
 .ARM.attributes
                0x0000043b       0x34 ../../../../../../mcu/apollo3/hal/gcc/bin/libam_hal.a(am_hal_pwrctrl.o)
 .ARM.attributes
                0x0000046f       0x34 ../../../../../../mcu/apollo3/hal/gcc/bin/libam_hal.a(am_hal_uart.o)
 .ARM.attributes
                0x000004a3       0x34 ../../../../../../mcu/apollo3/hal/gcc/bin/libam_hal.a(am_hal_cmdq.o)
 .ARM.attributes
                0x000004d7       0x34 ../../../../../../mcu/apollo3/hal/gcc/bin/libam_hal.a(am_hal_queue.o)

.debug_frame    0x00000000     0x1694
 .debug_frame   0x00000000       0xa8 ../gcc/redboard_artemis_atp/bin/main.o
 .debug_frame   0x000000a8       0x68 ../gcc/redboard_artemis_atp/bin/startup_gcc.o
 .debug_frame   0x00000110       0x7c ../gcc/redboard_artemis_atp/bin/am_util_delay.o
 .debug_frame   0x0000018c       0x50 ../gcc/redboard_artemis_atp/bin/am_util_faultisr.o
 .debug_frame   0x000001dc      0x2e8 ../gcc/redboard_artemis_atp/bin/am_util_stdio.o
 .debug_frame   0x000004c4      0x1b4 ../gcc/redboard_artemis_atp/bin/SD_SPI.o
 .debug_frame   0x00000678      0x210 ../gcc/redboard_artemis_atp/bin/SD.o
 .debug_frame   0x00000888       0xe8 ../gcc/redboard_artemis_atp/bin/diskio.o
 .debug_frame   0x00000970      0xc18 ../gcc/redboard_artemis_atp/bin/ff.o
 .debug_frame   0x00001588       0x88 ../gcc/redboard_artemis_atp/bin/ffunicode.o
 .debug_frame   0x00001610       0x24 c:/program files (x86)/gnu tools arm embedded/8 2018-q4-major/bin/../lib/gcc/arm-none-eabi/8.2.1/thumb/v7e-m+fp/hard\libgcc.a(_arm_truncdfsf2.o)
 .debug_frame   0x00001634       0x2c c:/program files (x86)/gnu tools arm embedded/8 2018-q4-major/bin/../lib/gcc/arm-none-eabi/8.2.1/thumb/v7e-m+fp/hard\libgcc.a(_aeabi_uldivmod.o)
 .debug_frame   0x00001660       0x34 c:/program files (x86)/gnu tools arm embedded/8 2018-q4-major/bin/../lib/gcc/arm-none-eabi/8.2.1/thumb/v7e-m+fp/hard\libgcc.a(_udivmoddi4.o)
